Archive member included to satisfy reference by file (symbol)

boards/nucleo_g070rb/libcube_fw_nucleo_g070rb.a(startup_stm32g070xx.s.obj)
                              (Reset_Handler)
boards/nucleo_g070rb/libcube_fw_nucleo_g070rb.a(gpio.c.obj)
                              app/CMakeFiles/app.elf.dir/src/main_app.c.obj (MX_GPIO_Init)
boards/nucleo_g070rb/libcube_fw_nucleo_g070rb.a(system_stm32g0xx.c.obj)
                              boards/nucleo_g070rb/libcube_fw_nucleo_g070rb.a(startup_stm32g070xx.s.obj) (SystemInit)
boards/nucleo_g070rb/libcube_fw_nucleo_g070rb.a(stm32g0xx_hal.c.obj)
                              app/CMakeFiles/app.elf.dir/src/main_app.c.obj (HAL_Init)
boards/nucleo_g070rb/libcube_fw_nucleo_g070rb.a(stm32g0xx_hal_cortex.c.obj)
                              boards/nucleo_g070rb/libcube_fw_nucleo_g070rb.a(stm32g0xx_hal.c.obj) (HAL_NVIC_SetPriority)
boards/nucleo_g070rb/libcube_fw_nucleo_g070rb.a(stm32g0xx_hal_gpio.c.obj)
                              boards/nucleo_g070rb/libcube_fw_nucleo_g070rb.a(gpio.c.obj) (HAL_GPIO_Init)
boards/nucleo_g070rb/libcube_fw_nucleo_g070rb.a(tasks.c.obj)
                              app/CMakeFiles/app.elf.dir/src/main_app.c.obj (xTaskCreate)
boards/nucleo_g070rb/libcube_fw_nucleo_g070rb.a(timers.c.obj)
                              boards/nucleo_g070rb/libcube_fw_nucleo_g070rb.a(tasks.c.obj) (xTimerCreateTimerTask)
boards/nucleo_g070rb/libcube_fw_nucleo_g070rb.a(port.c.obj)
                              boards/nucleo_g070rb/libcube_fw_nucleo_g070rb.a(tasks.c.obj) (pxPortInitialiseStack)
boards/nucleo_g070rb/libcube_fw_nucleo_g070rb.a(heap_1.c.obj)
                              boards/nucleo_g070rb/libcube_fw_nucleo_g070rb.a(tasks.c.obj) (pvPortMalloc)
boards/nucleo_g070rb/libcube_fw_nucleo_g070rb.a(cmsis_os2.c.obj)
                              boards/nucleo_g070rb/libcube_fw_nucleo_g070rb.a(tasks.c.obj) (vApplicationGetIdleTaskMemory)
boards/nucleo_g070rb/libcube_fw_nucleo_g070rb.a(event_groups.c.obj)
                              boards/nucleo_g070rb/libcube_fw_nucleo_g070rb.a(cmsis_os2.c.obj) (xEventGroupCreateStatic)
boards/nucleo_g070rb/libcube_fw_nucleo_g070rb.a(list.c.obj)
                              boards/nucleo_g070rb/libcube_fw_nucleo_g070rb.a(tasks.c.obj) (vListInitialise)
boards/nucleo_g070rb/libcube_fw_nucleo_g070rb.a(queue.c.obj)
                              boards/nucleo_g070rb/libcube_fw_nucleo_g070rb.a(cmsis_os2.c.obj) (xQueueGenericReset)
/usr/lib/gcc/arm-none-eabi/13.2.1/thumb/v6-m/nofp/libgcc.a(_udivsi3.o)
                              boards/nucleo_g070rb/libcube_fw_nucleo_g070rb.a(system_stm32g0xx.c.obj) (__aeabi_uidiv)
/usr/lib/gcc/arm-none-eabi/13.2.1/thumb/v6-m/nofp/libgcc.a(_dvmd_tls.o)
                              /usr/lib/gcc/arm-none-eabi/13.2.1/thumb/v6-m/nofp/libgcc.a(_udivsi3.o) (__aeabi_idiv0)
/usr/lib/gcc/arm-none-eabi/13.2.1/../../../arm-none-eabi/lib/thumb/v6-m/nofp/libg.a(libc_a-memset.o)
                              /usr/lib/gcc/arm-none-eabi/13.2.1/../../../arm-none-eabi/lib/thumb/v6-m/nofp/crt0.o (memset)
/usr/lib/gcc/arm-none-eabi/13.2.1/../../../arm-none-eabi/lib/thumb/v6-m/nofp/libg.a(libc_a-memcpy-stub.o)
                              boards/nucleo_g070rb/libcube_fw_nucleo_g070rb.a(cmsis_os2.c.obj) (memcpy)
/usr/lib/gcc/arm-none-eabi/13.2.1/../../../arm-none-eabi/lib/thumb/v6-m/nofp/libg.a(libc_a-init.o)
                              /usr/lib/gcc/arm-none-eabi/13.2.1/../../../arm-none-eabi/lib/thumb/v6-m/nofp/crt0.o (__libc_init_array)
/usr/lib/gcc/arm-none-eabi/13.2.1/../../../arm-none-eabi/lib/thumb/v6-m/nofp/libg.a(libc_a-exit.o)
                              /usr/lib/gcc/arm-none-eabi/13.2.1/../../../arm-none-eabi/lib/thumb/v6-m/nofp/crt0.o (exit)
/usr/lib/gcc/arm-none-eabi/13.2.1/../../../arm-none-eabi/lib/thumb/v6-m/nofp/libg.a(libc_a-atexit.o)
                              /usr/lib/gcc/arm-none-eabi/13.2.1/../../../arm-none-eabi/lib/thumb/v6-m/nofp/crt0.o (atexit)
/usr/lib/gcc/arm-none-eabi/13.2.1/../../../arm-none-eabi/lib/thumb/v6-m/nofp/libg.a(libc_a-fini.o)
                              /usr/lib/gcc/arm-none-eabi/13.2.1/../../../arm-none-eabi/lib/thumb/v6-m/nofp/crt0.o (__libc_fini_array)
/usr/lib/gcc/arm-none-eabi/13.2.1/../../../arm-none-eabi/lib/thumb/v6-m/nofp/libg.a(libc_a-__call_atexit.o)
                              /usr/lib/gcc/arm-none-eabi/13.2.1/../../../arm-none-eabi/lib/thumb/v6-m/nofp/libg.a(libc_a-exit.o) (__call_exitprocs)
/usr/lib/gcc/arm-none-eabi/13.2.1/../../../arm-none-eabi/lib/thumb/v6-m/nofp/libg.a(libc_a-__atexit.o)
                              /usr/lib/gcc/arm-none-eabi/13.2.1/../../../arm-none-eabi/lib/thumb/v6-m/nofp/libg.a(libc_a-atexit.o) (__register_exitproc)
/usr/lib/gcc/arm-none-eabi/13.2.1/../../../arm-none-eabi/lib/thumb/v6-m/nofp/libg.a(libc_a-findfp.o)
                              /usr/lib/gcc/arm-none-eabi/13.2.1/../../../arm-none-eabi/lib/thumb/v6-m/nofp/libg.a(libc_a-exit.o) (__stdio_exit_handler)
[...]
Memory Configuration

Name             Origin             Length             Attributes
RAM              0x20000000         0x00009000         xrw
FLASH            0x08000000         0x00020000         xr
*default*        0x00000000         0xffffffff

Linker script and memory map

LOAD /usr/lib/gcc/arm-none-eabi/13.2.1/thumb/v6-m/nofp/crti.o
LOAD /usr/lib/gcc/arm-none-eabi/13.2.1/thumb/v6-m/nofp/crtbegin.o
LOAD /usr/lib/gcc/arm-none-eabi/13.2.1/../../../arm-none-eabi/lib/thumb/v6-m/nofp/crt0.o
LOAD app/CMakeFiles/app.elf.dir/src/main_app.c.obj
LOAD boards/nucleo_g070rb/libcube_fw_nucleo_g070rb.a
START GROUP
LOAD /usr/lib/gcc/arm-none-eabi/13.2.1/thumb/v6-m/nofp/libgcc.a
LOAD /usr/lib/gcc/arm-none-eabi/13.2.1/../../../arm-none-eabi/lib/thumb/v6-m/nofp/libg.a
LOAD /usr/lib/gcc/arm-none-eabi/13.2.1/../../../arm-none-eabi/lib/thumb/v6-m/nofp/libc.a
END GROUP
LOAD /usr/lib/gcc/arm-none-eabi/13.2.1/thumb/v6-m/nofp/crtend.o
LOAD /usr/lib/gcc/arm-none-eabi/13.2.1/thumb/v6-m/nofp/crtn.o
                0x20009000                        _estack = (ORIGIN (RAM) + LENGTH (RAM))
                0x00000200                        _Min_Heap_Size = 0x200
                0x00000400                        _Min_Stack_Size = 0x400

.isr_vector     0x08000000       0xb8
                0x08000000                        . = ALIGN (0x4)
 *(.isr_vector)
 .isr_vector    0x08000000       0xb8 boards/nucleo_g070rb/libcube_fw_nucleo_g070rb.a(startup_stm32g070xx.s.obj)
                0x08000000                g_pfnVectors
                0x080000b8                        . = ALIGN (0x4)

.text           0x080000c0     0x1d44
                0x080000c0                        . = ALIGN (0x4)
 *(.text)
 .text          0x080000c0       0x98 /usr/lib/gcc/arm-none-eabi/13.2.1/thumb/v6-m/nofp/crtbegin.o
 .text          0x08000158      0x114 /usr/lib/gcc/arm-none-eabi/13.2.1/thumb/v6-m/nofp/libgcc.a(_udivsi3.o)
                0x08000158                __udivsi3
                0x08000158                __aeabi_uidiv
                0x08000264                __aeabi_uidivmod
 .text          0x0800026c        0x4 /usr/lib/gcc/arm-none-eabi/13.2.1/thumb/v6-m/nofp/libgcc.a(_dvmd_tls.o)
                0x0800026c                __aeabi_ldiv0
                0x0800026c                __aeabi_idiv0
 .text          0x08000270       0xa8 /usr/lib/gcc/arm-none-eabi/13.2.1/../../../arm-none-eabi/lib/thumb/v6-m/nofp/libg.a(libc_a-memset.o)
                0x08000270                memset
 .text          0x08000318       0x8c /usr/lib/gcc/arm-none-eabi/13.2.1/../../../arm-none-eabi/lib/thumb/v6-m/nofp/libg.a(libc_a-memcpy-stub.o)
                0x08000318                memcpy
 .text          0x080003a4       0x48 /usr/lib/gcc/arm-none-eabi/13.2.1/../../../arm-none-eabi/lib/thumb/v6-m/nofp/libg.a(libc_a-init.o)
                0x080003a4                __libc_init_array
 .text          0x080003ec       0x10 /usr/lib/gcc/arm-none-eabi/13.2.1/../../../arm-none-eabi/lib/thumb/v6-m/nofp/libg.a(libc_a-atexit.o)
                0x080003ec                atexit
 .text          0x080003fc       0x28 /usr/lib/gcc/arm-none-eabi/13.2.1/../../../arm-none-eabi/lib/thumb/v6-m/nofp/libg.a(libc_a-fini.o)
                0x080003fc                __libc_fini_array
 .text          0x08000424       0x78 /usr/lib/gcc/arm-none-eabi/13.2.1/../../../arm-none-eabi/lib/thumb/v6-m/nofp/libg.a(libc_a-__atexit.o)
                0x08000424                __register_exitproc
 *(.text*)
 .text.BlinkTask
                0x0800049c       0x16 app/CMakeFiles/app.elf.dir/src/main_app.c.obj
 *fill*         0x080004b2        0x2 
 .text.main     0x080004b4       0x34 app/CMakeFiles/app.elf.dir/src/main_app.c.obj
                0x080004b4                main
 .text.Reset_Handler
                0x080004e8       0x50 boards/nucleo_g070rb/libcube_fw_nucleo_g070rb.a(startup_stm32g070xx.s.obj)
                0x080004e8                Reset_Handler
 .text.Default_Handler
                0x08000538        0x2 boards/nucleo_g070rb/libcube_fw_nucleo_g070rb.a(startup_stm32g070xx.s.obj)
                0x08000538                TIM1_CC_IRQHandler
                0x08000538                HardFault_Handler
                0x08000538                TIM6_IRQHandler
                0x08000538                NMI_Handler
                0x08000538                I2C1_IRQHandler
                0x08000538                RTC_TAMP_IRQHandler
                0x08000538                SPI1_IRQHandler
                0x08000538                USART3_4_IRQHandler
                0x08000538                EXTI2_3_IRQHandler
                0x08000538                ADC1_IRQHandler
                0x08000538                I2C2_IRQHandler
                0x08000538                TIM17_IRQHandler
                0x08000538                TIM16_IRQHandler
                0x08000538                TIM3_IRQHandler
                0x08000538                EXTI4_15_IRQHandler
                0x08000538                RCC_IRQHandler
                0x08000538                DMA1_Channel1_IRQHandler
                0x08000538                Default_Handler
                0x08000538                TIM14_IRQHandler
                0x08000538                TIM7_IRQHandler
                0x08000538                TIM15_IRQHandler
                0x08000538                EXTI0_1_IRQHandler
                0x08000538                SPI2_IRQHandler
                0x08000538                WWDG_IRQHandler
                0x08000538                DMA1_Ch4_7_DMAMUX1_OVR_IRQHandler
                0x08000538                DMA1_Channel2_3_IRQHandler
                0x08000538                USART2_IRQHandler
                0x08000538                FLASH_IRQHandler
                0x08000538                USART1_IRQHandler
                0x08000538                TIM1_BRK_UP_TRG_COM_IRQHandler
 *fill*         0x0800053a        0x2 
 .text.MX_GPIO_Init
                0x0800053c       0x68 boards/nucleo_g070rb/libcube_fw_nucleo_g070rb.a(gpio.c.obj)
                0x0800053c                MX_GPIO_Init
 .text.SystemInit
                0x080005a4        0x2 boards/nucleo_g070rb/libcube_fw_nucleo_g070rb.a(system_stm32g0xx.c.obj)
                0x080005a4                SystemInit
 .text.HAL_MspInit
                0x080005a6        0x2 boards/nucleo_g070rb/libcube_fw_nucleo_g070rb.a(stm32g0xx_hal.c.obj)
                0x080005a6                HAL_MspInit
 .text.HAL_InitTick
                0x080005a8       0x58 boards/nucleo_g070rb/libcube_fw_nucleo_g070rb.a(stm32g0xx_hal.c.obj)
                0x080005a8                HAL_InitTick
 .text.HAL_Init
                0x08000600       0x28 boards/nucleo_g070rb/libcube_fw_nucleo_g070rb.a(stm32g0xx_hal.c.obj)
                0x08000600                HAL_Init
 .text.__NVIC_SetPriority
                0x08000628       0x60 boards/nucleo_g070rb/libcube_fw_nucleo_g070rb.a(stm32g0xx_hal_cortex.c.obj)
 .text.SysTick_Config
                0x08000688       0x38 boards/nucleo_g070rb/libcube_fw_nucleo_g070rb.a(stm32g0xx_hal_cortex.c.obj)
 .text.HAL_NVIC_SetPriority
                0x080006c0        0x8 boards/nucleo_g070rb/libcube_fw_nucleo_g070rb.a(stm32g0xx_hal_cortex.c.obj)
                0x080006c0                HAL_NVIC_SetPriority
 .text.HAL_SYSTICK_Config
                0x080006c8        0x8 boards/nucleo_g070rb/libcube_fw_nucleo_g070rb.a(stm32g0xx_hal_cortex.c.obj)
                0x080006c8                HAL_SYSTICK_Config
 .text.HAL_GPIO_Init
                0x080006d0      0x174 boards/nucleo_g070rb/libcube_fw_nucleo_g070rb.a(stm32g0xx_hal_gpio.c.obj)
                0x080006d0                HAL_GPIO_Init
 .text.HAL_GPIO_WritePin
                0x08000844        0xc boards/nucleo_g070rb/libcube_fw_nucleo_g070rb.a(stm32g0xx_hal_gpio.c.obj)
                0x08000844                HAL_GPIO_WritePin
 .text.HAL_GPIO_TogglePin
                0x08000850       0x10 boards/nucleo_g070rb/libcube_fw_nucleo_g070rb.a(stm32g0xx_hal_gpio.c.obj)
                0x08000850                HAL_GPIO_TogglePin
 .text.prvResetNextTaskUnblockTime
                0x08000860       0x2c boards/nucleo_g070rb/libcube_fw_nucleo_g070rb.a(tasks.c.obj)
 .text.prvInitialiseNewTask
                0x0800088c       0xa8 boards/nucleo_g070rb/libcube_fw_nucleo_g070rb.a(tasks.c.obj)
 .text.prvInitialiseTaskLists
                0x08000934       0x68 boards/nucleo_g070rb/libcube_fw_nucleo_g070rb.a(tasks.c.obj)
 .text.prvAddNewTaskToReadyList
                0x0800099c       0xa4 boards/nucleo_g070rb/libcube_fw_nucleo_g070rb.a(tasks.c.obj)
 .text.prvDeleteTCB
                0x08000a40       0x2c boards/nucleo_g070rb/libcube_fw_nucleo_g070rb.a(tasks.c.obj)
 .text.prvCheckTasksWaitingTermination
                0x08000a6c       0x44 boards/nucleo_g070rb/libcube_fw_nucleo_g070rb.a(tasks.c.obj)
 .text.prvIdleTask
                0x08000ab0       0x18 boards/nucleo_g070rb/libcube_fw_nucleo_g070rb.a(tasks.c.obj)
 .text.prvAddCurrentTaskToDelayedList
                0x08000ac8       0x7c boards/nucleo_g070rb/libcube_fw_nucleo_g070rb.a(tasks.c.obj)
 .text.xTaskCreateStatic
                0x08000b44       0x54 boards/nucleo_g070rb/libcube_fw_nucleo_g070rb.a(tasks.c.obj)
                0x08000b44                xTaskCreateStatic
 .text.xTaskCreate
                0x08000b98       0x5e boards/nucleo_g070rb/libcube_fw_nucleo_g070rb.a(tasks.c.obj)
                0x08000b98                xTaskCreate
 *fill*         0x08000bf6        0x2 
 .text.vTaskStartScheduler
                0x08000bf8       0x7c boards/nucleo_g070rb/libcube_fw_nucleo_g070rb.a(tasks.c.obj)
                0x08000bf8                vTaskStartScheduler
 .text.vTaskSuspendAll
                0x08000c74       0x10 boards/nucleo_g070rb/libcube_fw_nucleo_g070rb.a(tasks.c.obj)
                0x08000c74                vTaskSuspendAll
 .text.xTaskGetTickCount
                0x08000c84        0xc boards/nucleo_g070rb/libcube_fw_nucleo_g070rb.a(tasks.c.obj)
                0x08000c84                xTaskGetTickCount
 .text.xTaskIncrementTick
                0x08000c90      0x114 boards/nucleo_g070rb/libcube_fw_nucleo_g070rb.a(tasks.c.obj)
                0x08000c90                xTaskIncrementTick
 .text.xTaskResumeAll
                0x08000da4       0xe8 boards/nucleo_g070rb/libcube_fw_nucleo_g070rb.a(tasks.c.obj)
                0x08000da4                xTaskResumeAll
 .text.vTaskDelay
                0x08000e8c       0x30 boards/nucleo_g070rb/libcube_fw_nucleo_g070rb.a(tasks.c.obj)
                0x08000e8c                vTaskDelay
 .text.vTaskSwitchContext
                0x08000ebc       0x90 boards/nucleo_g070rb/libcube_fw_nucleo_g070rb.a(tasks.c.obj)
                0x08000ebc                vTaskSwitchContext
 .text.vTaskPlaceOnEventList
                0x08000f4c       0x24 boards/nucleo_g070rb/libcube_fw_nucleo_g070rb.a(tasks.c.obj)
                0x08000f4c                vTaskPlaceOnEventList
 .text.vTaskPlaceOnEventListRestricted
                0x08000f70       0x30 boards/nucleo_g070rb/libcube_fw_nucleo_g070rb.a(tasks.c.obj)
                0x08000f70                vTaskPlaceOnEventListRestricted
 .text.xTaskRemoveFromEventList
                0x08000fa0       0x84 boards/nucleo_g070rb/libcube_fw_nucleo_g070rb.a(tasks.c.obj)
                0x08000fa0                xTaskRemoveFromEventList
 .text.vTaskInternalSetTimeOutState
                0x08001024       0x18 boards/nucleo_g070rb/libcube_fw_nucleo_g070rb.a(tasks.c.obj)
                0x08001024                vTaskInternalSetTimeOutState
 .text.xTaskCheckForTimeOut
                0x0800103c       0x68 boards/nucleo_g070rb/libcube_fw_nucleo_g070rb.a(tasks.c.obj)
                0x0800103c                xTaskCheckForTimeOut
 .text.vTaskMissedYield
                0x080010a4        0xc boards/nucleo_g070rb/libcube_fw_nucleo_g070rb.a(tasks.c.obj)
                0x080010a4                vTaskMissedYield
 .text.xTaskGetSchedulerState
                0x080010b0       0x24 boards/nucleo_g070rb/libcube_fw_nucleo_g070rb.a(tasks.c.obj)
                0x080010b0                xTaskGetSchedulerState
 .text.xTaskPriorityDisinherit
                0x080010d4       0x78 boards/nucleo_g070rb/libcube_fw_nucleo_g070rb.a(tasks.c.obj)
                0x080010d4                xTaskPriorityDisinherit
 .text.prvGetNextExpireTime
                0x0800114c       0x24 boards/nucleo_g070rb/libcube_fw_nucleo_g070rb.a(timers.c.obj)
 .text.prvInsertTimerInActiveList
                0x08001170       0x48 boards/nucleo_g070rb/libcube_fw_nucleo_g070rb.a(timers.c.obj)
 .text.prvCheckForValidListAndQueue
                0x080011b8       0x70 boards/nucleo_g070rb/libcube_fw_nucleo_g070rb.a(timers.c.obj)
 .text.xTimerCreateTimerTask
                0x08001228       0x5c boards/nucleo_g070rb/libcube_fw_nucleo_g070rb.a(timers.c.obj)
                0x08001228                xTimerCreateTimerTask
 .text.xTimerGenericCommand
                0x08001284       0x60 boards/nucleo_g070rb/libcube_fw_nucleo_g070rb.a(timers.c.obj)
                0x08001284                xTimerGenericCommand
 .text.prvSwitchTimerLists
                0x080012e4       0x70 boards/nucleo_g070rb/libcube_fw_nucleo_g070rb.a(timers.c.obj)
 .text.prvSampleTimeNow
                0x08001354       0x2c boards/nucleo_g070rb/libcube_fw_nucleo_g070rb.a(timers.c.obj)
 .text.prvProcessExpiredTimer
                0x08001380       0x5c boards/nucleo_g070rb/libcube_fw_nucleo_g070rb.a(timers.c.obj)
 .text.prvProcessTimerOrBlockTask
                0x080013dc       0x70 boards/nucleo_g070rb/libcube_fw_nucleo_g070rb.a(timers.c.obj)
 .text.prvProcessReceivedCommands
                0x0800144c       0xe8 boards/nucleo_g070rb/libcube_fw_nucleo_g070rb.a(timers.c.obj)
 .text.prvTimerTask
                0x08001534       0x16 boards/nucleo_g070rb/libcube_fw_nucleo_g070rb.a(timers.c.obj)
 *fill*         0x0800154a        0x2 
 .text.prvTaskExitError
                0x0800154c       0x24 boards/nucleo_g070rb/libcube_fw_nucleo_g070rb.a(port.c.obj)
 .text.vPortStartFirstTask
                0x08001570       0x34 boards/nucleo_g070rb/libcube_fw_nucleo_g070rb.a(port.c.obj)
 .text.pxPortInitialiseStack
                0x080015a4       0x24 boards/nucleo_g070rb/libcube_fw_nucleo_g070rb.a(port.c.obj)
                0x080015a4                pxPortInitialiseStack
 .text.SVC_Handler
                0x080015c8        0x2 boards/nucleo_g070rb/libcube_fw_nucleo_g070rb.a(port.c.obj)
                0x080015c8                SVC_Handler
 *fill*         0x080015ca        0x2 
 .text.vPortYield
                0x080015cc       0x18 boards/nucleo_g070rb/libcube_fw_nucleo_g070rb.a(port.c.obj)
                0x080015cc                vPortYield
 .text.vPortEnterCritical
                0x080015e4       0x18 boards/nucleo_g070rb/libcube_fw_nucleo_g070rb.a(port.c.obj)
                0x080015e4                vPortEnterCritical
 .text.vPortExitCritical
                0x080015fc       0x20 boards/nucleo_g070rb/libcube_fw_nucleo_g070rb.a(port.c.obj)
                0x080015fc                vPortExitCritical
 .text.ulSetInterruptMaskFromISR
                0x0800161c        0x8 boards/nucleo_g070rb/libcube_fw_nucleo_g070rb.a(port.c.obj)
                0x0800161c                ulSetInterruptMaskFromISR
 .text.vClearInterruptMaskFromISR
                0x08001624        0x6 boards/nucleo_g070rb/libcube_fw_nucleo_g070rb.a(port.c.obj)
                0x08001624                vClearInterruptMaskFromISR
 *fill*         0x0800162a        0x6 
 .text.PendSV_Handler
                0x08001630       0x44 boards/nucleo_g070rb/libcube_fw_nucleo_g070rb.a(port.c.obj)
                0x08001630                PendSV_Handler
 .text.xPortSysTickHandler
                0x08001674       0x24 boards/nucleo_g070rb/libcube_fw_nucleo_g070rb.a(port.c.obj)
                0x08001674                xPortSysTickHandler
 .text.vPortSetupTimerInterrupt
                0x08001698       0x34 boards/nucleo_g070rb/libcube_fw_nucleo_g070rb.a(port.c.obj)
                0x08001698                vPortSetupTimerInterrupt
 .text.xPortStartScheduler
                0x080016cc       0x3c boards/nucleo_g070rb/libcube_fw_nucleo_g070rb.a(port.c.obj)
                0x080016cc                xPortStartScheduler
 .text.pvPortMalloc
                0x08001708       0x60 boards/nucleo_g070rb/libcube_fw_nucleo_g070rb.a(heap_1.c.obj)
                0x08001708                pvPortMalloc
 .text.vPortFree
                0x08001768        0xa boards/nucleo_g070rb/libcube_fw_nucleo_g070rb.a(heap_1.c.obj)
                0x08001768                vPortFree
 *fill*         0x08001772        0x2 
 .text.SysTick_Handler
                0x08001774       0x1c boards/nucleo_g070rb/libcube_fw_nucleo_g070rb.a(cmsis_os2.c.obj)
                0x08001774                SysTick_Handler
 .text.vApplicationGetIdleTaskMemory
                0x08001790       0x18 boards/nucleo_g070rb/libcube_fw_nucleo_g070rb.a(cmsis_os2.c.obj)
                0x08001790                vApplicationGetIdleTaskMemory
 .text.vApplicationGetTimerTaskMemory
                0x080017a8       0x18 boards/nucleo_g070rb/libcube_fw_nucleo_g070rb.a(cmsis_os2.c.obj)
                0x080017a8                vApplicationGetTimerTaskMemory
 .text.vListInitialise
                0x080017c0       0x16 boards/nucleo_g070rb/libcube_fw_nucleo_g070rb.a(list.c.obj)
                0x080017c0                vListInitialise
 .text.vListInitialiseItem
                0x080017d6        0x6 boards/nucleo_g070rb/libcube_fw_nucleo_g070rb.a(list.c.obj)
                0x080017d6                vListInitialiseItem
 .text.vListInsertEnd
                0x080017dc       0x16 boards/nucleo_g070rb/libcube_fw_nucleo_g070rb.a(list.c.obj)
                0x080017dc                vListInsertEnd
 .text.vListInsert
                0x080017f2       0x2e boards/nucleo_g070rb/libcube_fw_nucleo_g070rb.a(list.c.obj)
                0x080017f2                vListInsert
 .text.uxListRemove
                0x08001820       0x26 boards/nucleo_g070rb/libcube_fw_nucleo_g070rb.a(list.c.obj)
                0x08001820                uxListRemove
 .text.prvIsQueueFull
                0x08001846       0x1e boards/nucleo_g070rb/libcube_fw_nucleo_g070rb.a(queue.c.obj)
 .text.prvIsQueueEmpty
                0x08001864       0x1c boards/nucleo_g070rb/libcube_fw_nucleo_g070rb.a(queue.c.obj)
 .text.prvCopyDataToQueue
                0x08001880       0x7e boards/nucleo_g070rb/libcube_fw_nucleo_g070rb.a(queue.c.obj)
 .text.prvCopyDataFromQueue
                0x080018fe       0x24 boards/nucleo_g070rb/libcube_fw_nucleo_g070rb.a(queue.c.obj)
 .text.prvUnlockQueue
                0x08001922       0x72 boards/nucleo_g070rb/libcube_fw_nucleo_g070rb.a(queue.c.obj)
 .text.xQueueGenericReset
                0x08001994       0x6e boards/nucleo_g070rb/libcube_fw_nucleo_g070rb.a(queue.c.obj)
                0x08001994                xQueueGenericReset
 .text.prvInitialiseNewQueue
                0x08001a02       0x22 boards/nucleo_g070rb/libcube_fw_nucleo_g070rb.a(queue.c.obj)
 .text.xQueueGenericCreateStatic
                0x08001a24       0x54 boards/nucleo_g070rb/libcube_fw_nucleo_g070rb.a(queue.c.obj)
                0x08001a24                xQueueGenericCreateStatic
 .text.xQueueGenericSend
                0x08001a78      0x124 boards/nucleo_g070rb/libcube_fw_nucleo_g070rb.a(queue.c.obj)
                0x08001a78                xQueueGenericSend
 .text.xQueueGenericSendFromISR
                0x08001b9c       0xac boards/nucleo_g070rb/libcube_fw_nucleo_g070rb.a(queue.c.obj)
                0x08001b9c                xQueueGenericSendFromISR
 .text.xQueueReceive
                0x08001c48      0x116 boards/nucleo_g070rb/libcube_fw_nucleo_g070rb.a(queue.c.obj)
                0x08001c48                xQueueReceive
 *fill*         0x08001d5e        0x2 
 .text.vQueueAddToRegistry
                0x08001d60       0x24 boards/nucleo_g070rb/libcube_fw_nucleo_g070rb.a(queue.c.obj)
                0x08001d60                vQueueAddToRegistry
 .text.vQueueWaitForMessageRestricted
                0x08001d84       0x50 boards/nucleo_g070rb/libcube_fw_nucleo_g070rb.a(queue.c.obj)
                0x08001d84                vQueueWaitForMessageRestricted
 .text.startup  0x08001dd4       0x18 /usr/lib/gcc/arm-none-eabi/13.2.1/../../../arm-none-eabi/lib/thumb/v6-m/nofp/libg.a(libc_a-__call_atexit.o)
 *(.glue_7)
 .glue_7        0x08001dec        0x0 linker stubs
 *(.glue_7t)
 .glue_7t       0x08001dec        0x0 linker stubs
 *(.eh_frame)
 .eh_frame      0x08001dec        0x0 /usr/lib/gcc/arm-none-eabi/13.2.1/thumb/v6-m/nofp/crtbegin.o
 *(.init)
 .init          0x08001dec        0x4 /usr/lib/gcc/arm-none-eabi/13.2.1/thumb/v6-m/nofp/crti.o
                0x08001dec                _init
 .init          0x08001df0        0x8 /usr/lib/gcc/arm-none-eabi/13.2.1/thumb/v6-m/nofp/crtn.o
 *(.fini)
 .fini          0x08001df8        0x4 /usr/lib/gcc/arm-none-eabi/13.2.1/thumb/v6-m/nofp/crti.o
                0x08001df8                _fini
 .fini          0x08001dfc        0x8 /usr/lib/gcc/arm-none-eabi/13.2.1/thumb/v6-m/nofp/crtn.o
                0x08001e04                        . = ALIGN (0x4)
                0x08001e04                        _etext = .

.vfp11_veneer   0x08001e04        0x0
 .vfp11_veneer  0x08001e04        0x0 linker stubs

.v4_bx          0x08001e04        0x0
 .v4_bx         0x08001e04        0x0 linker stubs

.iplt           0x08001e04        0x0
 .iplt          0x08001e04        0x0 /usr/lib/gcc/arm-none-eabi/13.2.1/thumb/v6-m/nofp/crtbegin.o

.rodata         0x08001e04       0x48
                0x08001e04                        . = ALIGN (0x4)
 *(.rodata)
 *(.rodata*)
 .rodata.main.str1.4
                0x08001e04       0x20 app/CMakeFiles/app.elf.dir/src/main_app.c.obj
                                  0x6 (size before relaxing)
 .rodata.vTaskStartScheduler.str1.4
                0x08001e24        0x5 boards/nucleo_g070rb/libcube_fw_nucleo_g070rb.a(tasks.c.obj)
 .rodata.prvCheckForValidListAndQueue.str1.4
                0x08001e24        0x5 boards/nucleo_g070rb/libcube_fw_nucleo_g070rb.a(timers.c.obj)
 .rodata.xTimerCreateTimerTask.str1.4
                0x08001e24        0x8 boards/nucleo_g070rb/libcube_fw_nucleo_g070rb.a(timers.c.obj)
 .rodata.prvProcessReceivedCommands
                0x08001e24       0x28 boards/nucleo_g070rb/libcube_fw_nucleo_g070rb.a(timers.c.obj)
                0x08001e4c                        . = ALIGN (0x4)

.ARM.extab      0x08001e4c        0x0
                0x08001e4c                        . = ALIGN (0x4)
 *(.ARM.extab* .gnu.linkonce.armextab.*)
                0x08001e4c                        . = ALIGN (0x4)

.ARM            0x08001e4c        0x0
                0x08001e4c                        . = ALIGN (0x4)
                0x08001e4c                        __exidx_start = .
 *(.ARM.exidx*)
                0x08001e4c                        __exidx_end = .
                0x08001e4c                        . = ALIGN (0x4)

.preinit_array  0x08001e4c        0x0
                0x08001e4c                        . = ALIGN (0x4)
                0x08001e4c                        PROVIDE (__preinit_array_start = .)
 *(.preinit_array*)
                0x08001e4c                        PROVIDE (__preinit_array_end = .)
                0x08001e4c                        . = ALIGN (0x4)

.init_array     0x08001e4c        0x8
                0x08001e4c                        . = ALIGN (0x4)
                0x08001e4c                        PROVIDE (__init_array_start = .)
 *(SORT_BY_NAME(.init_array.*))
 .init_array.00000
                0x08001e4c        0x4 /usr/lib/gcc/arm-none-eabi/13.2.1/../../../arm-none-eabi/lib/thumb/v6-m/nofp/libg.a(libc_a-__call_atexit.o)
 *(.init_array*)
 .init_array    0x08001e50        0x4 /usr/lib/gcc/arm-none-eabi/13.2.1/thumb/v6-m/nofp/crtbegin.o
                0x08001e54                        PROVIDE (__init_array_end = .)
                0x08001e54                        . = ALIGN (0x4)

.fini_array     0x08001e54        0x4
                0x08001e54                        . = ALIGN (0x4)
                0x08001e54                        PROVIDE (__fini_array_start = .)
 *(SORT_BY_NAME(.fini_array.*))
 *(.fini_array*)
 .fini_array    0x08001e54        0x4 /usr/lib/gcc/arm-none-eabi/13.2.1/thumb/v6-m/nofp/crtbegin.o
                0x08001e58                        PROVIDE (__fini_array_end = .)
                0x08001e58                        . = ALIGN (0x4)
                0x08001e58                        _sidata = LOADADDR (.data)

.rel.dyn        0x08001e58        0x0
 .rel.iplt      0x08001e58        0x0 /usr/lib/gcc/arm-none-eabi/13.2.1/thumb/v6-m/nofp/crtbegin.o

.data           0x20000000       0x10 load address 0x08001e58
                0x20000000                        . = ALIGN (0x4)
                0x20000000                        _sdata = .
 *(.data)
 *(.data*)
 .data.SystemCoreClock
                0x20000000        0x4 boards/nucleo_g070rb/libcube_fw_nucleo_g070rb.a(system_stm32g0xx.c.obj)
                0x20000000                SystemCoreClock
 .data.uwTickFreq
                0x20000004        0x1 boards/nucleo_g070rb/libcube_fw_nucleo_g070rb.a(stm32g0xx_hal.c.obj)
                0x20000004                uwTickFreq
 *fill*         0x20000005        0x3 
 .data.uwTickPrio
                0x20000008        0x4 boards/nucleo_g070rb/libcube_fw_nucleo_g070rb.a(stm32g0xx_hal.c.obj)
                0x20000008                uwTickPrio
 .data.uxCriticalNesting
                0x2000000c        0x4 boards/nucleo_g070rb/libcube_fw_nucleo_g070rb.a(port.c.obj)
 *(.RamFunc)
 *(.RamFunc*)
                0x20000010                        . = ALIGN (0x4)
                0x20000010                        _edata = .

.tm_clone_table
                0x20000010        0x0 load address 0x08001e68
 .tm_clone_table
                0x20000010        0x0 /usr/lib/gcc/arm-none-eabi/13.2.1/thumb/v6-m/nofp/crtbegin.o
 .tm_clone_table
                0x20000010        0x0 /usr/lib/gcc/arm-none-eabi/13.2.1/thumb/v6-m/nofp/crtend.o

.igot.plt       0x20000010        0x0 load address 0x08001e68
 .igot.plt      0x20000010        0x0 /usr/lib/gcc/arm-none-eabi/13.2.1/thumb/v6-m/nofp/crtbegin.o
                0x20000010                        . = ALIGN (0x4)

.bss            0x20000010     0x1adc load address 0x08001e68
                0x20000010                        _sbss = .
                0x20000010                        __bss_start__ = _sbss
 *(.bss)
 .bss           0x20000010       0x1c /usr/lib/gcc/arm-none-eabi/13.2.1/thumb/v6-m/nofp/crtbegin.o
 .bss           0x2000002c        0x4 /usr/lib/gcc/arm-none-eabi/13.2.1/../../../arm-none-eabi/lib/thumb/v6-m/nofp/libg.a(libc_a-__call_atexit.o)
                0x2000002c                __atexit
 .bss           0x20000030      0x190 /usr/lib/gcc/arm-none-eabi/13.2.1/../../../arm-none-eabi/lib/thumb/v6-m/nofp/libg.a(libc_a-__atexit.o)
                0x20000030                __atexit0
 *(.bss*)
 .bss.uxSchedulerSuspended
                0x200001c0        0x4 boards/nucleo_g070rb/libcube_fw_nucleo_g070rb.a(tasks.c.obj)
 .bss.xIdleTaskHandle
                0x200001c4        0x4 boards/nucleo_g070rb/libcube_fw_nucleo_g070rb.a(tasks.c.obj)
 .bss.xNextTaskUnblockTime
                0x200001c8        0x4 boards/nucleo_g070rb/libcube_fw_nucleo_g070rb.a(tasks.c.obj)
 .bss.uxTaskNumber
                0x200001cc        0x4 boards/nucleo_g070rb/libcube_fw_nucleo_g070rb.a(tasks.c.obj)
 .bss.xNumOfOverflows
                0x200001d0        0x4 boards/nucleo_g070rb/libcube_fw_nucleo_g070rb.a(tasks.c.obj)
 .bss.xYieldPending
                0x200001d4        0x4 boards/nucleo_g070rb/libcube_fw_nucleo_g070rb.a(tasks.c.obj)
 .bss.xPendedTicks
                0x200001d8        0x4 boards/nucleo_g070rb/libcube_fw_nucleo_g070rb.a(tasks.c.obj)
 .bss.xSchedulerRunning
                0x200001dc        0x4 boards/nucleo_g070rb/libcube_fw_nucleo_g070rb.a(tasks.c.obj)
 .bss.uxTopReadyPriority
                0x200001e0        0x4 boards/nucleo_g070rb/libcube_fw_nucleo_g070rb.a(tasks.c.obj)
 .bss.xTickCount
                0x200001e4        0x4 boards/nucleo_g070rb/libcube_fw_nucleo_g070rb.a(tasks.c.obj)
 .bss.uxCurrentNumberOfTasks
                0x200001e8        0x4 boards/nucleo_g070rb/libcube_fw_nucleo_g070rb.a(tasks.c.obj)
 .bss.xSuspendedTaskList
                0x200001ec       0x14 boards/nucleo_g070rb/libcube_fw_nucleo_g070rb.a(tasks.c.obj)
 .bss.uxDeletedTasksWaitingCleanUp
                0x20000200        0x4 boards/nucleo_g070rb/libcube_fw_nucleo_g070rb.a(tasks.c.obj)
 .bss.xTasksWaitingTermination
                0x20000204       0x14 boards/nucleo_g070rb/libcube_fw_nucleo_g070rb.a(tasks.c.obj)
 .bss.xPendingReadyList
                0x20000218       0x14 boards/nucleo_g070rb/libcube_fw_nucleo_g070rb.a(tasks.c.obj)
 .bss.pxOverflowDelayedTaskList
                0x2000022c        0x4 boards/nucleo_g070rb/libcube_fw_nucleo_g070rb.a(tasks.c.obj)
 .bss.pxDelayedTaskList
                0x20000230        0x4 boards/nucleo_g070rb/libcube_fw_nucleo_g070rb.a(tasks.c.obj)
 .bss.xDelayedTaskList2
                0x20000234       0x14 boards/nucleo_g070rb/libcube_fw_nucleo_g070rb.a(tasks.c.obj)
 .bss.xDelayedTaskList1
                0x20000248       0x14 boards/nucleo_g070rb/libcube_fw_nucleo_g070rb.a(tasks.c.obj)
 .bss.pxReadyTasksLists
                0x2000025c      0x460 boards/nucleo_g070rb/libcube_fw_nucleo_g070rb.a(tasks.c.obj)
 .bss.pxCurrentTCB
                0x200006bc        0x4 boards/nucleo_g070rb/libcube_fw_nucleo_g070rb.a(tasks.c.obj)
                0x200006bc                pxCurrentTCB
 .bss.xStaticTimerQueue.0
                0x200006c0       0x50 boards/nucleo_g070rb/libcube_fw_nucleo_g070rb.a(timers.c.obj)
 .bss.ucStaticTimerQueueStorage.1
                0x20000710       0xa0 boards/nucleo_g070rb/libcube_fw_nucleo_g070rb.a(timers.c.obj)
 .bss.xLastTime.2
                0x200007b0        0x4 boards/nucleo_g070rb/libcube_fw_nucleo_g070rb.a(timers.c.obj)
 .bss.xTimerTaskHandle
                0x200007b4        0x4 boards/nucleo_g070rb/libcube_fw_nucleo_g070rb.a(timers.c.obj)
 .bss.xTimerQueue
                0x200007b8        0x4 boards/nucleo_g070rb/libcube_fw_nucleo_g070rb.a(timers.c.obj)
 .bss.pxOverflowTimerList
                0x200007bc        0x4 boards/nucleo_g070rb/libcube_fw_nucleo_g070rb.a(timers.c.obj)
 .bss.pxCurrentTimerList
                0x200007c0        0x4 boards/nucleo_g070rb/libcube_fw_nucleo_g070rb.a(timers.c.obj)
 .bss.xActiveTimerList2
                0x200007c4       0x14 boards/nucleo_g070rb/libcube_fw_nucleo_g070rb.a(timers.c.obj)
 .bss.xActiveTimerList1
                0x200007d8       0x14 boards/nucleo_g070rb/libcube_fw_nucleo_g070rb.a(timers.c.obj)
 .bss.pucAlignedHeap.0
                0x200007ec        0x4 boards/nucleo_g070rb/libcube_fw_nucleo_g070rb.a(heap_1.c.obj)
 .bss.xNextFreeByte
                0x200007f0        0x4 boards/nucleo_g070rb/libcube_fw_nucleo_g070rb.a(heap_1.c.obj)
 .bss.ucHeap    0x200007f4      0xc00 boards/nucleo_g070rb/libcube_fw_nucleo_g070rb.a(heap_1.c.obj)
 .bss.Timer_Stack.0
                0x200013f4      0x400 boards/nucleo_g070rb/libcube_fw_nucleo_g070rb.a(cmsis_os2.c.obj)
 .bss.Timer_TCB.1
                0x200017f4       0x5c boards/nucleo_g070rb/libcube_fw_nucleo_g070rb.a(cmsis_os2.c.obj)
 .bss.Idle_Stack.2
                0x20001850      0x200 boards/nucleo_g070rb/libcube_fw_nucleo_g070rb.a(cmsis_os2.c.obj)
 .bss.Idle_TCB.3
                0x20001a50       0x5c boards/nucleo_g070rb/libcube_fw_nucleo_g070rb.a(cmsis_os2.c.obj)
 .bss.xQueueRegistry
                0x20001aac       0x40 boards/nucleo_g070rb/libcube_fw_nucleo_g070rb.a(queue.c.obj)
                0x20001aac                xQueueRegistry
 *(COMMON)
                0x20001aec                        . = ALIGN (0x4)
                0x20001aec                        _ebss = .
                0x20001aec                        __bss_end__ = _ebss

._user_heap_stack
                0x20001aec      0x604 load address 0x08001e68
                0x20001af0                        . = ALIGN (0x8)
 *fill*         0x20001aec        0x4 
                [!provide]                        PROVIDE (end = .)
                [!provide]                        PROVIDE (_end = .)
                0x20001cf0                        . = (. + _Min_Heap_Size)
 *fill*         0x20001af0      0x200 
                0x200020f0                        . = (. + _Min_Stack_Size)
 *fill*         0x20001cf0      0x400 
                0x200020f0                        . = ALIGN (0x8)

/DISCARD/
 libc.a(*)
 libm.a(*)
 libgcc.a(*)
OUTPUT(app/app.elf elf32-littlearm)
LOAD linker stubs
LOAD /usr/lib/gcc/arm-none-eabi/13.2.1/../../../arm-none-eabi/lib/thumb/v6-m/nofp/libc.a
LOAD /usr/lib/gcc/arm-none-eabi/13.2.1/../../../arm-none-eabi/lib/thumb/v6-m/nofp/libm.a
LOAD /usr/lib/gcc/arm-none-eabi/13.2.1/thumb/v6-m/nofp/libgcc.a

.ARM.attributes
                0x00000000       0x28
 .ARM.attributes
                0x00000000       0x1e /usr/lib/gcc/arm-none-eabi/13.2.1/thumb/v6-m/nofp/crti.o
 .ARM.attributes
                0x0000001e       0x2c /usr/lib/gcc/arm-none-eabi/13.2.1/thumb/v6-m/nofp/crtbegin.o
 .ARM.attributes
                0x0000004a       0x2c app/CMakeFiles/app.elf.dir/src/main_app.c.obj
 .ARM.attributes
                0x00000076       0x22 boards/nucleo_g070rb/libcube_fw_nucleo_g070rb.a(startup_stm32g070xx.s.obj)
 .ARM.attributes
                0x00000098       0x2c boards/nucleo_g070rb/libcube_fw_nucleo_g070rb.a(gpio.c.obj)
 .ARM.attributes
                0x000000c4       0x2c boards/nucleo_g070rb/libcube_fw_nucleo_g070rb.a(system_stm32g0xx.c.obj)
 .ARM.attributes
                0x000000f0       0x2c boards/nucleo_g070rb/libcube_fw_nucleo_g070rb.a(stm32g0xx_hal.c.obj)
 .ARM.attributes
                0x0000011c       0x2c boards/nucleo_g070rb/libcube_fw_nucleo_g070rb.a(stm32g0xx_hal_cortex.c.obj)
 .ARM.attributes
                0x00000148       0x2c boards/nucleo_g070rb/libcube_fw_nucleo_g070rb.a(stm32g0xx_hal_gpio.c.obj)
 .ARM.attributes
                0x00000174       0x2c boards/nucleo_g070rb/libcube_fw_nucleo_g070rb.a(tasks.c.obj)
 .ARM.attributes
                0x000001a0       0x2c boards/nucleo_g070rb/libcube_fw_nucleo_g070rb.a(timers.c.obj)
 .ARM.attributes
                0x000001cc       0x2c boards/nucleo_g070rb/libcube_fw_nucleo_g070rb.a(port.c.obj)
 .ARM.attributes
                0x000001f8       0x2c boards/nucleo_g070rb/libcube_fw_nucleo_g070rb.a(heap_1.c.obj)
 .ARM.attributes
                0x00000224       0x2c boards/nucleo_g070rb/libcube_fw_nucleo_g070rb.a(cmsis_os2.c.obj)
 .ARM.attributes
                0x00000250       0x2c boards/nucleo_g070rb/libcube_fw_nucleo_g070rb.a(list.c.obj)
 .ARM.attributes
                0x0000027c       0x2c boards/nucleo_g070rb/libcube_fw_nucleo_g070rb.a(queue.c.obj)
 .ARM.attributes
                0x000002a8       0x1e /usr/lib/gcc/arm-none-eabi/13.2.1/thumb/v6-m/nofp/libgcc.a(_udivsi3.o)
 .ARM.attributes
                0x000002c6       0x1e /usr/lib/gcc/arm-none-eabi/13.2.1/thumb/v6-m/nofp/libgcc.a(_dvmd_tls.o)
 .ARM.attributes
                0x000002e4       0x2c /usr/lib/gcc/arm-none-eabi/13.2.1/../../../arm-none-eabi/lib/thumb/v6-m/nofp/libg.a(libc_a-memset.o)
 .ARM.attributes
                0x00000310       0x2c /usr/lib/gcc/arm-none-eabi/13.2.1/../../../arm-none-eabi/lib/thumb/v6-m/nofp/libg.a(libc_a-memcpy-stub.o)
 .ARM.attributes
                0x0000033c       0x2c /usr/lib/gcc/arm-none-eabi/13.2.1/../../../arm-none-eabi/lib/thumb/v6-m/nofp/libg.a(libc_a-init.o)
 .ARM.attributes
                0x00000368       0x2c /usr/lib/gcc/arm-none-eabi/13.2.1/../../../arm-none-eabi/lib/thumb/v6-m/nofp/libg.a(libc_a-atexit.o)
 .ARM.attributes
                0x00000394       0x2c /usr/lib/gcc/arm-none-eabi/13.2.1/../../../arm-none-eabi/lib/thumb/v6-m/nofp/libg.a(libc_a-fini.o)
 .ARM.attributes
                0x000003c0       0x2c /usr/lib/gcc/arm-none-eabi/13.2.1/../../../arm-none-eabi/lib/thumb/v6-m/nofp/libg.a(libc_a-__call_atexit.o)
 .ARM.attributes
                0x000003ec       0x2c /usr/lib/gcc/arm-none-eabi/13.2.1/../../../arm-none-eabi/lib/thumb/v6-m/nofp/libg.a(libc_a-__atexit.o)
 .ARM.attributes
                0x00000418       0x2c /usr/lib/gcc/arm-none-eabi/13.2.1/thumb/v6-m/nofp/crtend.o
 .ARM.attributes
                0x00000444       0x1e /usr/lib/gcc/arm-none-eabi/13.2.1/thumb/v6-m/nofp/crtn.o

.comment        0x00000000       0x26
 .comment       0x00000000       0x26 /usr/lib/gcc/arm-none-eabi/13.2.1/thumb/v6-m/nofp/crtbegin.o
                                 0x27 (size before relaxing)
 .comment       0x00000026       0x27 app/CMakeFiles/app.elf.dir/src/main_app.c.obj
 .comment       0x00000026       0x27 boards/nucleo_g070rb/libcube_fw_nucleo_g070rb.a(gpio.c.obj)
 .comment       0x00000026       0x27 boards/nucleo_g070rb/libcube_fw_nucleo_g070rb.a(system_stm32g0xx.c.obj)
 .comment       0x00000026       0x27 boards/nucleo_g070rb/libcube_fw_nucleo_g070rb.a(stm32g0xx_hal.c.obj)
 .comment       0x00000026       0x27 boards/nucleo_g070rb/libcube_fw_nucleo_g070rb.a(stm32g0xx_hal_cortex.c.obj)
 .comment       0x00000026       0x27 boards/nucleo_g070rb/libcube_fw_nucleo_g070rb.a(stm32g0xx_hal_gpio.c.obj)
 .comment       0x00000026       0x27 boards/nucleo_g070rb/libcube_fw_nucleo_g070rb.a(tasks.c.obj)
 .comment       0x00000026       0x27 boards/nucleo_g070rb/libcube_fw_nucleo_g070rb.a(timers.c.obj)
 .comment       0x00000026       0x27 boards/nucleo_g070rb/libcube_fw_nucleo_g070rb.a(port.c.obj)
 .comment       0x00000026       0x27 boards/nucleo_g070rb/libcube_fw_nucleo_g070rb.a(heap_1.c.obj)
 .comment       0x00000026       0x27 boards/nucleo_g070rb/libcube_fw_nucleo_g070rb.a(cmsis_os2.c.obj)
 .comment       0x00000026       0x27 boards/nucleo_g070rb/libcube_fw_nucleo_g070rb.a(list.c.obj)
 .comment       0x00000026       0x27 boards/nucleo_g070rb/libcube_fw_nucleo_g070rb.a(queue.c.obj)
 .comment       0x00000026       0x27 /usr/lib/gcc/arm-none-eabi/13.2.1/../../../arm-none-eabi/lib/thumb/v6-m/nofp/libg.a(libc_a-memset.o)
 .comment       0x00000026       0x27 /usr/lib/gcc/arm-none-eabi/13.2.1/../../../arm-none-eabi/lib/thumb/v6-m/nofp/libg.a(libc_a-memcpy-stub.o)
 .comment       0x00000026       0x27 /usr/lib/gcc/arm-none-eabi/13.2.1/../../../arm-none-eabi/lib/thumb/v6-m/nofp/libg.a(libc_a-init.o)
 .comment       0x00000026       0x27 /usr/lib/gcc/arm-none-eabi/13.2.1/../../../arm-none-eabi/lib/thumb/v6-m/nofp/libg.a(libc_a-atexit.o)
 .comment       0x00000026       0x27 /usr/lib/gcc/arm-none-eabi/13.2.1/../../../arm-none-eabi/lib/thumb/v6-m/nofp/libg.a(libc_a-fini.o)
 .comment       0x00000026       0x27 /usr/lib/gcc/arm-none-eabi/13.2.1/../../../arm-none-eabi/lib/thumb/v6-m/nofp/libg.a(libc_a-__call_atexit.o)
 .comment       0x00000026       0x27 /usr/lib/gcc/arm-none-eabi/13.2.1/../../../arm-none-eabi/lib/thumb/v6-m/nofp/libg.a(libc_a-__atexit.o)
 .comment       0x00000026       0x27 /usr/lib/gcc/arm-none-eabi/13.2.1/thumb/v6-m/nofp/crtend.o

.debug_info     0x00000000     0xe499
 .debug_info    0x00000000      0x36c app/CMakeFiles/app.elf.dir/src/main_app.c.obj
 .debug_info    0x0000036c       0x30 boards/nucleo_g070rb/libcube_fw_nucleo_g070rb.a(startup_stm32g070xx.s.obj)
 .debug_info    0x0000039c      0x437 boards/nucleo_g070rb/libcube_fw_nucleo_g070rb.a(gpio.c.obj)
 .debug_info    0x000007d3      0x336 boards/nucleo_g070rb/libcube_fw_nucleo_g070rb.a(system_stm32g0xx.c.obj)
 .debug_info    0x00000b09      0x983 boards/nucleo_g070rb/libcube_fw_nucleo_g070rb.a(stm32g0xx_hal.c.obj)
 .debug_info    0x0000148c      0x9f3 boards/nucleo_g070rb/libcube_fw_nucleo_g070rb.a(stm32g0xx_hal_cortex.c.obj)
 .debug_info    0x00001e7f      0x5c2 boards/nucleo_g070rb/libcube_fw_nucleo_g070rb.a(stm32g0xx_hal_gpio.c.obj)
 .debug_info    0x00002441     0x2a26 boards/nucleo_g070rb/libcube_fw_nucleo_g070rb.a(tasks.c.obj)
 .debug_info    0x00004e67     0x1894 boards/nucleo_g070rb/libcube_fw_nucleo_g070rb.a(timers.c.obj)
 .debug_info    0x000066fb      0x2f0 boards/nucleo_g070rb/libcube_fw_nucleo_g070rb.a(port.c.obj)
 .debug_info    0x000069eb      0x1ae boards/nucleo_g070rb/libcube_fw_nucleo_g070rb.a(heap_1.c.obj)
 .debug_info    0x00006b99     0x4a56 boards/nucleo_g070rb/libcube_fw_nucleo_g070rb.a(cmsis_os2.c.obj)
 .debug_info    0x0000b5ef      0x2b7 boards/nucleo_g070rb/libcube_fw_nucleo_g070rb.a(list.c.obj)
 .debug_info    0x0000b8a6     0x2151 boards/nucleo_g070rb/libcube_fw_nucleo_g070rb.a(queue.c.obj)
 .debug_info    0x0000d9f7       0x3e /usr/lib/gcc/arm-none-eabi/13.2.1/thumb/v6-m/nofp/libgcc.a(_udivsi3.o)
 .debug_info    0x0000da35       0x3c /usr/lib/gcc/arm-none-eabi/13.2.1/thumb/v6-m/nofp/libgcc.a(_dvmd_tls.o)
 .debug_info    0x0000da71      0x135 /usr/lib/gcc/arm-none-eabi/13.2.1/../../../arm-none-eabi/lib/thumb/v6-m/nofp/libg.a(libc_a-memset.o)
 .debug_info    0x0000dba6      0x152 /usr/lib/gcc/arm-none-eabi/13.2.1/../../../arm-none-eabi/lib/thumb/v6-m/nofp/libg.a(libc_a-memcpy-stub.o)
 .debug_info    0x0000dcf8      0x10b /usr/lib/gcc/arm-none-eabi/13.2.1/../../../arm-none-eabi/lib/thumb/v6-m/nofp/libg.a(libc_a-init.o)
 .debug_info    0x0000de03      0x11e /usr/lib/gcc/arm-none-eabi/13.2.1/../../../arm-none-eabi/lib/thumb/v6-m/nofp/libg.a(libc_a-atexit.o)
 .debug_info    0x0000df21       0xf7 /usr/lib/gcc/arm-none-eabi/13.2.1/../../../arm-none-eabi/lib/thumb/v6-m/nofp/libg.a(libc_a-fini.o)
 .debug_info    0x0000e018      0x284 /usr/lib/gcc/arm-none-eabi/13.2.1/../../../arm-none-eabi/lib/thumb/v6-m/nofp/libg.a(libc_a-__call_atexit.o)
 .debug_info    0x0000e29c      0x1fd /usr/lib/gcc/arm-none-eabi/13.2.1/../../../arm-none-eabi/lib/thumb/v6-m/nofp/libg.a(libc_a-__atexit.o)

.debug_abbrev   0x00000000     0x2753
 .debug_abbrev  0x00000000      0x1cb app/CMakeFiles/app.elf.dir/src/main_app.c.obj
 .debug_abbrev  0x000001cb       0x24 boards/nucleo_g070rb/libcube_fw_nucleo_g070rb.a(startup_stm32g070xx.s.obj)
 .debug_abbrev  0x000001ef      0x191 boards/nucleo_g070rb/libcube_fw_nucleo_g070rb.a(gpio.c.obj)
 .debug_abbrev  0x00000380      0x149 boards/nucleo_g070rb/libcube_fw_nucleo_g070rb.a(system_stm32g0xx.c.obj)
 .debug_abbrev  0x000004c9      0x2c6 boards/nucleo_g070rb/libcube_fw_nucleo_g070rb.a(stm32g0xx_hal.c.obj)
 .debug_abbrev  0x0000078f      0x30b boards/nucleo_g070rb/libcube_fw_nucleo_g070rb.a(stm32g0xx_hal_cortex.c.obj)
 .debug_abbrev  0x00000a9a      0x206 boards/nucleo_g070rb/libcube_fw_nucleo_g070rb.a(stm32g0xx_hal_gpio.c.obj)
 .debug_abbrev  0x00000ca0      0x318 boards/nucleo_g070rb/libcube_fw_nucleo_g070rb.a(tasks.c.obj)
 .debug_abbrev  0x00000fb8      0x345 boards/nucleo_g070rb/libcube_fw_nucleo_g070rb.a(timers.c.obj)
 .debug_abbrev  0x000012fd      0x1de boards/nucleo_g070rb/libcube_fw_nucleo_g070rb.a(port.c.obj)
 .debug_abbrev  0x000014db      0x143 boards/nucleo_g070rb/libcube_fw_nucleo_g070rb.a(heap_1.c.obj)
 .debug_abbrev  0x0000161e      0x577 boards/nucleo_g070rb/libcube_fw_nucleo_g070rb.a(cmsis_os2.c.obj)
 .debug_abbrev  0x00001b95      0x10c boards/nucleo_g070rb/libcube_fw_nucleo_g070rb.a(list.c.obj)
 .debug_abbrev  0x00001ca1      0x362 boards/nucleo_g070rb/libcube_fw_nucleo_g070rb.a(queue.c.obj)
 .debug_abbrev  0x00002003       0x28 /usr/lib/gcc/arm-none-eabi/13.2.1/thumb/v6-m/nofp/libgcc.a(_udivsi3.o)
 .debug_abbrev  0x0000202b       0x26 /usr/lib/gcc/arm-none-eabi/13.2.1/thumb/v6-m/nofp/libgcc.a(_dvmd_tls.o)
 .debug_abbrev  0x00002051       0xb7 /usr/lib/gcc/arm-none-eabi/13.2.1/../../../arm-none-eabi/lib/thumb/v6-m/nofp/libg.a(libc_a-memset.o)
 .debug_abbrev  0x00002108       0xca /usr/lib/gcc/arm-none-eabi/13.2.1/../../../arm-none-eabi/lib/thumb/v6-m/nofp/libg.a(libc_a-memcpy-stub.o)
 .debug_abbrev  0x000021d2       0xc9 /usr/lib/gcc/arm-none-eabi/13.2.1/../../../arm-none-eabi/lib/thumb/v6-m/nofp/libg.a(libc_a-init.o)
 .debug_abbrev  0x0000229b       0xbe /usr/lib/gcc/arm-none-eabi/13.2.1/../../../arm-none-eabi/lib/thumb/v6-m/nofp/libg.a(libc_a-atexit.o)
 .debug_abbrev  0x00002359       0xc9 /usr/lib/gcc/arm-none-eabi/13.2.1/../../../arm-none-eabi/lib/thumb/v6-m/nofp/libg.a(libc_a-fini.o)
 .debug_abbrev  0x00002422      0x1da /usr/lib/gcc/arm-none-eabi/13.2.1/../../../arm-none-eabi/lib/thumb/v6-m/nofp/libg.a(libc_a-__call_atexit.o)
 .debug_abbrev  0x000025fc      0x157 /usr/lib/gcc/arm-none-eabi/13.2.1/../../../arm-none-eabi/lib/thumb/v6-m/nofp/libg.a(libc_a-__atexit.o)

.debug_loclists
                0x00000000     0x8854
 .debug_loclists
                0x00000000       0x29 app/CMakeFiles/app.elf.dir/src/main_app.c.obj
 .debug_loclists
                0x00000029       0x6d boards/nucleo_g070rb/libcube_fw_nucleo_g070rb.a(system_stm32g0xx.c.obj)
 .debug_loclists
                0x00000096      0x130 boards/nucleo_g070rb/libcube_fw_nucleo_g070rb.a(stm32g0xx_hal.c.obj)
 .debug_loclists
                0x000001c6      0x225 boards/nucleo_g070rb/libcube_fw_nucleo_g070rb.a(stm32g0xx_hal_cortex.c.obj)
 .debug_loclists
                0x000003eb      0x2a9 boards/nucleo_g070rb/libcube_fw_nucleo_g070rb.a(stm32g0xx_hal_gpio.c.obj)
 .debug_loclists
                0x00000694     0x1b00 boards/nucleo_g070rb/libcube_fw_nucleo_g070rb.a(tasks.c.obj)
 .debug_loclists
                0x00002194      0xc64 boards/nucleo_g070rb/libcube_fw_nucleo_g070rb.a(timers.c.obj)
 .debug_loclists
                0x00002df8       0x8a boards/nucleo_g070rb/libcube_fw_nucleo_g070rb.a(port.c.obj)
 .debug_loclists
                0x00002e82       0x4b boards/nucleo_g070rb/libcube_fw_nucleo_g070rb.a(heap_1.c.obj)
 .debug_loclists
                0x00002ecd     0x399c boards/nucleo_g070rb/libcube_fw_nucleo_g070rb.a(cmsis_os2.c.obj)
 .debug_loclists
                0x00006869       0x75 boards/nucleo_g070rb/libcube_fw_nucleo_g070rb.a(list.c.obj)
 .debug_loclists
                0x000068de     0x1806 boards/nucleo_g070rb/libcube_fw_nucleo_g070rb.a(queue.c.obj)
 .debug_loclists
                0x000080e4      0x1c6 /usr/lib/gcc/arm-none-eabi/13.2.1/../../../arm-none-eabi/lib/thumb/v6-m/nofp/libg.a(libc_a-memset.o)
 .debug_loclists
                0x000082aa      0x2c7 /usr/lib/gcc/arm-none-eabi/13.2.1/../../../arm-none-eabi/lib/thumb/v6-m/nofp/libg.a(libc_a-memcpy-stub.o)
 .debug_loclists
                0x00008571       0x5a /usr/lib/gcc/arm-none-eabi/13.2.1/../../../arm-none-eabi/lib/thumb/v6-m/nofp/libg.a(libc_a-init.o)
 .debug_loclists
                0x000085cb       0x2b /usr/lib/gcc/arm-none-eabi/13.2.1/../../../arm-none-eabi/lib/thumb/v6-m/nofp/libg.a(libc_a-atexit.o)
 .debug_loclists
                0x000085f6       0x2c /usr/lib/gcc/arm-none-eabi/13.2.1/../../../arm-none-eabi/lib/thumb/v6-m/nofp/libg.a(libc_a-fini.o)
 .debug_loclists
                0x00008622      0x133 /usr/lib/gcc/arm-none-eabi/13.2.1/../../../arm-none-eabi/lib/thumb/v6-m/nofp/libg.a(libc_a-__call_atexit.o)
 .debug_loclists
                0x00008755       0xff /usr/lib/gcc/arm-none-eabi/13.2.1/../../../arm-none-eabi/lib/thumb/v6-m/nofp/libg.a(libc_a-__atexit.o)

.debug_aranges  0x00000000      0xbc8
 .debug_aranges
                0x00000000       0x28 app/CMakeFiles/app.elf.dir/src/main_app.c.obj
 .debug_aranges
                0x00000028       0x28 boards/nucleo_g070rb/libcube_fw_nucleo_g070rb.a(startup_stm32g070xx.s.obj)
 .debug_aranges
                0x00000050       0x20 boards/nucleo_g070rb/libcube_fw_nucleo_g070rb.a(gpio.c.obj)
 .debug_aranges
                0x00000070       0x28 boards/nucleo_g070rb/libcube_fw_nucleo_g070rb.a(system_stm32g0xx.c.obj)
 .debug_aranges
                0x00000098       0xf8 boards/nucleo_g070rb/libcube_fw_nucleo_g070rb.a(stm32g0xx_hal.c.obj)
 .debug_aranges
                0x00000190       0xc0 boards/nucleo_g070rb/libcube_fw_nucleo_g070rb.a(stm32g0xx_hal_cortex.c.obj)
 .debug_aranges
                0x00000250       0x60 boards/nucleo_g070rb/libcube_fw_nucleo_g070rb.a(stm32g0xx_hal_gpio.c.obj)
 .debug_aranges
                0x000002b0      0x208 boards/nucleo_g070rb/libcube_fw_nucleo_g070rb.a(tasks.c.obj)
 .debug_aranges
                0x000004b8       0xf0 boards/nucleo_g070rb/libcube_fw_nucleo_g070rb.a(timers.c.obj)
 .debug_aranges
                0x000005a8       0x88 boards/nucleo_g070rb/libcube_fw_nucleo_g070rb.a(port.c.obj)
 .debug_aranges
                0x00000630       0x38 boards/nucleo_g070rb/libcube_fw_nucleo_g070rb.a(heap_1.c.obj)
 .debug_aranges
                0x00000668      0x2a0 boards/nucleo_g070rb/libcube_fw_nucleo_g070rb.a(cmsis_os2.c.obj)
 .debug_aranges
                0x00000908       0x40 boards/nucleo_g070rb/libcube_fw_nucleo_g070rb.a(list.c.obj)
 .debug_aranges
                0x00000948      0x158 boards/nucleo_g070rb/libcube_fw_nucleo_g070rb.a(queue.c.obj)
 .debug_aranges
                0x00000aa0       0x20 /usr/lib/gcc/arm-none-eabi/13.2.1/thumb/v6-m/nofp/libgcc.a(_udivsi3.o)
 .debug_aranges
                0x00000ac0       0x20 /usr/lib/gcc/arm-none-eabi/13.2.1/thumb/v6-m/nofp/libgcc.a(_dvmd_tls.o)
 .debug_aranges
                0x00000ae0       0x20 /usr/lib/gcc/arm-none-eabi/13.2.1/../../../arm-none-eabi/lib/thumb/v6-m/nofp/libg.a(libc_a-memset.o)
 .debug_aranges
                0x00000b00       0x20 /usr/lib/gcc/arm-none-eabi/13.2.1/../../../arm-none-eabi/lib/thumb/v6-m/nofp/libg.a(libc_a-memcpy-stub.o)
 .debug_aranges
                0x00000b20       0x20 /usr/lib/gcc/arm-none-eabi/13.2.1/../../../arm-none-eabi/lib/thumb/v6-m/nofp/libg.a(libc_a-init.o)
 .debug_aranges
                0x00000b40       0x20 /usr/lib/gcc/arm-none-eabi/13.2.1/../../../arm-none-eabi/lib/thumb/v6-m/nofp/libg.a(libc_a-atexit.o)
 .debug_aranges
                0x00000b60       0x20 /usr/lib/gcc/arm-none-eabi/13.2.1/../../../arm-none-eabi/lib/thumb/v6-m/nofp/libg.a(libc_a-fini.o)
 .debug_aranges
                0x00000b80       0x28 /usr/lib/gcc/arm-none-eabi/13.2.1/../../../arm-none-eabi/lib/thumb/v6-m/nofp/libg.a(libc_a-__call_atexit.o)
 .debug_aranges
                0x00000ba8       0x20 /usr/lib/gcc/arm-none-eabi/13.2.1/../../../arm-none-eabi/lib/thumb/v6-m/nofp/libg.a(libc_a-__atexit.o)

.debug_rnglists
                0x00000000      0x910
 .debug_rnglists
                0x00000000       0x19 app/CMakeFiles/app.elf.dir/src/main_app.c.obj
 .debug_rnglists
                0x00000019       0x19 boards/nucleo_g070rb/libcube_fw_nucleo_g070rb.a(startup_stm32g070xx.s.obj)
 .debug_rnglists
                0x00000032       0x13 boards/nucleo_g070rb/libcube_fw_nucleo_g070rb.a(gpio.c.obj)
 .debug_rnglists
                0x00000045       0x1a boards/nucleo_g070rb/libcube_fw_nucleo_g070rb.a(system_stm32g0xx.c.obj)
 .debug_rnglists
                0x0000005f       0xb5 boards/nucleo_g070rb/libcube_fw_nucleo_g070rb.a(stm32g0xx_hal.c.obj)
 .debug_rnglists
                0x00000114       0x97 boards/nucleo_g070rb/libcube_fw_nucleo_g070rb.a(stm32g0xx_hal_cortex.c.obj)
 .debug_rnglists
                0x000001ab       0x45 boards/nucleo_g070rb/libcube_fw_nucleo_g070rb.a(stm32g0xx_hal_gpio.c.obj)
 .debug_rnglists
                0x000001f0      0x226 boards/nucleo_g070rb/libcube_fw_nucleo_g070rb.a(tasks.c.obj)
 .debug_rnglists
                0x00000416       0xb0 boards/nucleo_g070rb/libcube_fw_nucleo_g070rb.a(timers.c.obj)
 .debug_rnglists
                0x000004c6       0x61 boards/nucleo_g070rb/libcube_fw_nucleo_g070rb.a(port.c.obj)
 .debug_rnglists
                0x00000527       0x25 boards/nucleo_g070rb/libcube_fw_nucleo_g070rb.a(heap_1.c.obj)
 .debug_rnglists
                0x0000054c      0x1fe boards/nucleo_g070rb/libcube_fw_nucleo_g070rb.a(cmsis_os2.c.obj)
 .debug_rnglists
                0x0000074a       0x2b boards/nucleo_g070rb/libcube_fw_nucleo_g070rb.a(list.c.obj)
 .debug_rnglists
                0x00000775      0x16b boards/nucleo_g070rb/libcube_fw_nucleo_g070rb.a(queue.c.obj)
 .debug_rnglists
                0x000008e0       0x30 /usr/lib/gcc/arm-none-eabi/13.2.1/../../../arm-none-eabi/lib/thumb/v6-m/nofp/libg.a(libc_a-__call_atexit.o)

.debug_macro    0x00000000    0x16957
 .debug_macro   0x00000000      0x210 app/CMakeFiles/app.elf.dir/src/main_app.c.obj
 .debug_macro   0x00000210      0xaae app/CMakeFiles/app.elf.dir/src/main_app.c.obj
 .debug_macro   0x00000cbe      0x11d app/CMakeFiles/app.elf.dir/src/main_app.c.obj
 .debug_macro   0x00000ddb       0x2e app/CMakeFiles/app.elf.dir/src/main_app.c.obj
 .debug_macro   0x00000e09       0x28 app/CMakeFiles/app.elf.dir/src/main_app.c.obj
 .debug_macro   0x00000e31      0x34e app/CMakeFiles/app.elf.dir/src/main_app.c.obj
 .debug_macro   0x0000117f       0x1c app/CMakeFiles/app.elf.dir/src/main_app.c.obj
 .debug_macro   0x0000119b       0x22 app/CMakeFiles/app.elf.dir/src/main_app.c.obj
 .debug_macro   0x000011bd       0xd1 app/CMakeFiles/app.elf.dir/src/main_app.c.obj
 .debug_macro   0x0000128e      0x4da app/CMakeFiles/app.elf.dir/src/main_app.c.obj
 .debug_macro   0x00001768      0x11f app/CMakeFiles/app.elf.dir/src/main_app.c.obj
 .debug_macro   0x00001887     0xa701 app/CMakeFiles/app.elf.dir/src/main_app.c.obj
 .debug_macro   0x0000bf88       0x66 app/CMakeFiles/app.elf.dir/src/main_app.c.obj
 .debug_macro   0x0000bfee     0x350e app/CMakeFiles/app.elf.dir/src/main_app.c.obj
 .debug_macro   0x0000f4fc      0x190 app/CMakeFiles/app.elf.dir/src/main_app.c.obj
 .debug_macro   0x0000f68c       0x5c app/CMakeFiles/app.elf.dir/src/main_app.c.obj
 .debug_macro   0x0000f6e8      0x485 app/CMakeFiles/app.elf.dir/src/main_app.c.obj
 .debug_macro   0x0000fb6d      0xeb4 app/CMakeFiles/app.elf.dir/src/main_app.c.obj
 .debug_macro   0x00010a21      0x13e app/CMakeFiles/app.elf.dir/src/main_app.c.obj
 .debug_macro   0x00010b5f      0x1cf app/CMakeFiles/app.elf.dir/src/main_app.c.obj
 .debug_macro   0x00010d2e      0x13e app/CMakeFiles/app.elf.dir/src/main_app.c.obj
 .debug_macro   0x00010e6c      0x3a8 app/CMakeFiles/app.elf.dir/src/main_app.c.obj
 .debug_macro   0x00011214      0x280 app/CMakeFiles/app.elf.dir/src/main_app.c.obj
 .debug_macro   0x00011494      0x345 app/CMakeFiles/app.elf.dir/src/main_app.c.obj
 .debug_macro   0x000117d9      0x198 app/CMakeFiles/app.elf.dir/src/main_app.c.obj
 .debug_macro   0x00011971       0x43 app/CMakeFiles/app.elf.dir/src/main_app.c.obj
 .debug_macro   0x000119b4      0x1f1 app/CMakeFiles/app.elf.dir/src/main_app.c.obj
 .debug_macro   0x00011ba5      0x1d6 app/CMakeFiles/app.elf.dir/src/main_app.c.obj
 .debug_macro   0x00011d7b      0x2a3 app/CMakeFiles/app.elf.dir/src/main_app.c.obj
 .debug_macro   0x0001201e       0x28 app/CMakeFiles/app.elf.dir/src/main_app.c.obj
 .debug_macro   0x00012046       0xcf app/CMakeFiles/app.elf.dir/src/main_app.c.obj
 .debug_macro   0x00012115      0x118 app/CMakeFiles/app.elf.dir/src/main_app.c.obj
 .debug_macro   0x0001222d      0x10d app/CMakeFiles/app.elf.dir/src/main_app.c.obj
 .debug_macro   0x0001233a      0xac2 app/CMakeFiles/app.elf.dir/src/main_app.c.obj
 .debug_macro   0x00012dfc      0x124 app/CMakeFiles/app.elf.dir/src/main_app.c.obj
 .debug_macro   0x00012f20      0x693 app/CMakeFiles/app.elf.dir/src/main_app.c.obj
 .debug_macro   0x000135b3       0xa6 app/CMakeFiles/app.elf.dir/src/main_app.c.obj
 .debug_macro   0x00013659      0x43d app/CMakeFiles/app.elf.dir/src/main_app.c.obj
 .debug_macro   0x00013a96      0x146 app/CMakeFiles/app.elf.dir/src/main_app.c.obj
 .debug_macro   0x00013bdc      0x15a app/CMakeFiles/app.elf.dir/src/main_app.c.obj
 .debug_macro   0x00013d36       0xb2 app/CMakeFiles/app.elf.dir/src/main_app.c.obj
 .debug_macro   0x00013de8       0x1c app/CMakeFiles/app.elf.dir/src/main_app.c.obj
 .debug_macro   0x00013e04       0x26 app/CMakeFiles/app.elf.dir/src/main_app.c.obj
 .debug_macro   0x00013e2a      0x4cc app/CMakeFiles/app.elf.dir/src/main_app.c.obj
 .debug_macro   0x000142f6       0xb5 app/CMakeFiles/app.elf.dir/src/main_app.c.obj
 .debug_macro   0x000143ab       0xaa app/CMakeFiles/app.elf.dir/src/main_app.c.obj
 .debug_macro   0x00014455       0x10 app/CMakeFiles/app.elf.dir/src/main_app.c.obj
 .debug_macro   0x00014465       0x10 app/CMakeFiles/app.elf.dir/src/main_app.c.obj
 .debug_macro   0x00014475      0x1af boards/nucleo_g070rb/libcube_fw_nucleo_g070rb.a(gpio.c.obj)
 .debug_macro   0x00014624       0x28 boards/nucleo_g070rb/libcube_fw_nucleo_g070rb.a(gpio.c.obj)
 .debug_macro   0x0001464c      0x196 boards/nucleo_g070rb/libcube_fw_nucleo_g070rb.a(system_stm32g0xx.c.obj)
 .debug_macro   0x000147e2      0x1b4 boards/nucleo_g070rb/libcube_fw_nucleo_g070rb.a(stm32g0xx_hal.c.obj)
 .debug_macro   0x00014996      0x196 boards/nucleo_g070rb/libcube_fw_nucleo_g070rb.a(stm32g0xx_hal_cortex.c.obj)
 .debug_macro   0x00014b2c      0x19d boards/nucleo_g070rb/libcube_fw_nucleo_g070rb.a(stm32g0xx_hal_gpio.c.obj)
 .debug_macro   0x00014cc9      0x249 boards/nucleo_g070rb/libcube_fw_nucleo_g070rb.a(tasks.c.obj)
 .debug_macro   0x00014f12       0x24 boards/nucleo_g070rb/libcube_fw_nucleo_g070rb.a(tasks.c.obj)
 .debug_macro   0x00014f36       0x22 boards/nucleo_g070rb/libcube_fw_nucleo_g070rb.a(tasks.c.obj)
 .debug_macro   0x00014f58       0x60 boards/nucleo_g070rb/libcube_fw_nucleo_g070rb.a(tasks.c.obj)
 .debug_macro   0x00014fb8       0x94 boards/nucleo_g070rb/libcube_fw_nucleo_g070rb.a(tasks.c.obj)
 .debug_macro   0x0001504c       0x3c boards/nucleo_g070rb/libcube_fw_nucleo_g070rb.a(tasks.c.obj)
 .debug_macro   0x00015088       0x34 boards/nucleo_g070rb/libcube_fw_nucleo_g070rb.a(tasks.c.obj)
 .debug_macro   0x000150bc       0x16 boards/nucleo_g070rb/libcube_fw_nucleo_g070rb.a(tasks.c.obj)
 .debug_macro   0x000150d2      0x11c boards/nucleo_g070rb/libcube_fw_nucleo_g070rb.a(tasks.c.obj)
 .debug_macro   0x000151ee       0x9b boards/nucleo_g070rb/libcube_fw_nucleo_g070rb.a(tasks.c.obj)
 .debug_macro   0x00015289       0x57 boards/nucleo_g070rb/libcube_fw_nucleo_g070rb.a(tasks.c.obj)
 .debug_macro   0x000152e0      0x370 boards/nucleo_g070rb/libcube_fw_nucleo_g070rb.a(tasks.c.obj)
 .debug_macro   0x00015650       0x16 boards/nucleo_g070rb/libcube_fw_nucleo_g070rb.a(tasks.c.obj)
 .debug_macro   0x00015666       0x4a boards/nucleo_g070rb/libcube_fw_nucleo_g070rb.a(tasks.c.obj)
 .debug_macro   0x000156b0       0x34 boards/nucleo_g070rb/libcube_fw_nucleo_g070rb.a(tasks.c.obj)
 .debug_macro   0x000156e4       0x10 boards/nucleo_g070rb/libcube_fw_nucleo_g070rb.a(tasks.c.obj)
 .debug_macro   0x000156f4       0x52 boards/nucleo_g070rb/libcube_fw_nucleo_g070rb.a(tasks.c.obj)
 .debug_macro   0x00015746      0x1de boards/nucleo_g070rb/libcube_fw_nucleo_g070rb.a(tasks.c.obj)
 .debug_macro   0x00015924       0x16 boards/nucleo_g070rb/libcube_fw_nucleo_g070rb.a(tasks.c.obj)
 .debug_macro   0x0001593a       0x29 boards/nucleo_g070rb/libcube_fw_nucleo_g070rb.a(tasks.c.obj)
 .debug_macro   0x00015963       0x16 boards/nucleo_g070rb/libcube_fw_nucleo_g070rb.a(tasks.c.obj)
 .debug_macro   0x00015979       0x3c boards/nucleo_g070rb/libcube_fw_nucleo_g070rb.a(tasks.c.obj)
 .debug_macro   0x000159b5       0x91 boards/nucleo_g070rb/libcube_fw_nucleo_g070rb.a(tasks.c.obj)
 .debug_macro   0x00015a46       0x10 boards/nucleo_g070rb/libcube_fw_nucleo_g070rb.a(tasks.c.obj)
 .debug_macro   0x00015a56      0x1ab boards/nucleo_g070rb/libcube_fw_nucleo_g070rb.a(timers.c.obj)
 .debug_macro   0x00015c01       0x87 boards/nucleo_g070rb/libcube_fw_nucleo_g070rb.a(timers.c.obj)
 .debug_macro   0x00015c88       0x97 boards/nucleo_g070rb/libcube_fw_nucleo_g070rb.a(timers.c.obj)
 .debug_macro   0x00015d1f       0xed boards/nucleo_g070rb/libcube_fw_nucleo_g070rb.a(port.c.obj)
 .debug_macro   0x00015e0c      0x177 boards/nucleo_g070rb/libcube_fw_nucleo_g070rb.a(heap_1.c.obj)
 .debug_macro   0x00015f83      0x3a0 boards/nucleo_g070rb/libcube_fw_nucleo_g070rb.a(cmsis_os2.c.obj)
 .debug_macro   0x00016323       0x10 boards/nucleo_g070rb/libcube_fw_nucleo_g070rb.a(cmsis_os2.c.obj)
 .debug_macro   0x00016333       0x10 boards/nucleo_g070rb/libcube_fw_nucleo_g070rb.a(cmsis_os2.c.obj)
 .debug_macro   0x00016343       0x74 boards/nucleo_g070rb/libcube_fw_nucleo_g070rb.a(cmsis_os2.c.obj)
 .debug_macro   0x000163b7       0xcb boards/nucleo_g070rb/libcube_fw_nucleo_g070rb.a(cmsis_os2.c.obj)
 .debug_macro   0x00016482       0x8d boards/nucleo_g070rb/libcube_fw_nucleo_g070rb.a(cmsis_os2.c.obj)
 .debug_macro   0x0001650f       0x9a boards/nucleo_g070rb/libcube_fw_nucleo_g070rb.a(cmsis_os2.c.obj)
 .debug_macro   0x000165a9       0x22 boards/nucleo_g070rb/libcube_fw_nucleo_g070rb.a(cmsis_os2.c.obj)
 .debug_macro   0x000165cb       0x56 boards/nucleo_g070rb/libcube_fw_nucleo_g070rb.a(cmsis_os2.c.obj)
 .debug_macro   0x00016621      0x156 boards/nucleo_g070rb/libcube_fw_nucleo_g070rb.a(list.c.obj)
 .debug_macro   0x00016777      0x1e0 boards/nucleo_g070rb/libcube_fw_nucleo_g070rb.a(queue.c.obj)

.debug_line     0x00000000     0xca03
 .debug_line    0x00000000      0x79e app/CMakeFiles/app.elf.dir/src/main_app.c.obj
 .debug_line    0x0000079e       0x7b boards/nucleo_g070rb/libcube_fw_nucleo_g070rb.a(startup_stm32g070xx.s.obj)
 .debug_line    0x00000819      0x5cc boards/nucleo_g070rb/libcube_fw_nucleo_g070rb.a(gpio.c.obj)
 .debug_line    0x00000de5      0x65f boards/nucleo_g070rb/libcube_fw_nucleo_g070rb.a(system_stm32g0xx.c.obj)
 .debug_line    0x00001444      0x94d boards/nucleo_g070rb/libcube_fw_nucleo_g070rb.a(stm32g0xx_hal.c.obj)
 .debug_line    0x00001d91      0xa60 boards/nucleo_g070rb/libcube_fw_nucleo_g070rb.a(stm32g0xx_hal_cortex.c.obj)
 .debug_line    0x000027f1      0xab0 boards/nucleo_g070rb/libcube_fw_nucleo_g070rb.a(stm32g0xx_hal_gpio.c.obj)
 .debug_line    0x000032a1     0x2514 boards/nucleo_g070rb/libcube_fw_nucleo_g070rb.a(tasks.c.obj)
 .debug_line    0x000057b5      0xe21 boards/nucleo_g070rb/libcube_fw_nucleo_g070rb.a(timers.c.obj)
 .debug_line    0x000065d6      0x4a0 boards/nucleo_g070rb/libcube_fw_nucleo_g070rb.a(port.c.obj)
 .debug_line    0x00006a76      0x4a8 boards/nucleo_g070rb/libcube_fw_nucleo_g070rb.a(heap_1.c.obj)
 .debug_line    0x00006f1e     0x302c boards/nucleo_g070rb/libcube_fw_nucleo_g070rb.a(cmsis_os2.c.obj)
 .debug_line    0x00009f4a      0x56a boards/nucleo_g070rb/libcube_fw_nucleo_g070rb.a(list.c.obj)
 .debug_line    0x0000a4b4     0x1a8e boards/nucleo_g070rb/libcube_fw_nucleo_g070rb.a(queue.c.obj)
 .debug_line    0x0000bf42       0x56 /usr/lib/gcc/arm-none-eabi/13.2.1/thumb/v6-m/nofp/libgcc.a(_udivsi3.o)
 .debug_line    0x0000bf98       0x4a /usr/lib/gcc/arm-none-eabi/13.2.1/thumb/v6-m/nofp/libgcc.a(_dvmd_tls.o)
 .debug_line    0x0000bfe2      0x1bd /usr/lib/gcc/arm-none-eabi/13.2.1/../../../arm-none-eabi/lib/thumb/v6-m/nofp/libg.a(libc_a-memset.o)
 .debug_line    0x0000c19f      0x1e7 /usr/lib/gcc/arm-none-eabi/13.2.1/../../../arm-none-eabi/lib/thumb/v6-m/nofp/libg.a(libc_a-memcpy-stub.o)
 .debug_line    0x0000c386      0x105 /usr/lib/gcc/arm-none-eabi/13.2.1/../../../arm-none-eabi/lib/thumb/v6-m/nofp/libg.a(libc_a-init.o)
 .debug_line    0x0000c48b       0xc6 /usr/lib/gcc/arm-none-eabi/13.2.1/../../../arm-none-eabi/lib/thumb/v6-m/nofp/libg.a(libc_a-atexit.o)
 .debug_line    0x0000c551       0xd1 /usr/lib/gcc/arm-none-eabi/13.2.1/../../../arm-none-eabi/lib/thumb/v6-m/nofp/libg.a(libc_a-fini.o)
 .debug_line    0x0000c622      0x27e /usr/lib/gcc/arm-none-eabi/13.2.1/../../../arm-none-eabi/lib/thumb/v6-m/nofp/libg.a(libc_a-__call_atexit.o)
 .debug_line    0x0000c8a0      0x163 /usr/lib/gcc/arm-none-eabi/13.2.1/../../../arm-none-eabi/lib/thumb/v6-m/nofp/libg.a(libc_a-__atexit.o)

.debug_str      0x00000000    0x94070
 .debug_str     0x00000000    0x94070 app/CMakeFiles/app.elf.dir/src/main_app.c.obj
                              0x8a72f (size before relaxing)
 .debug_str     0x00094070       0xa4 boards/nucleo_g070rb/libcube_fw_nucleo_g070rb.a(startup_stm32g070xx.s.obj)
 .debug_str     0x00094070    0x86bdf boards/nucleo_g070rb/libcube_fw_nucleo_g070rb.a(gpio.c.obj)
 .debug_str     0x00094070    0x86aef boards/nucleo_g070rb/libcube_fw_nucleo_g070rb.a(system_stm32g0xx.c.obj)
 .debug_str     0x00094070    0x87191 boards/nucleo_g070rb/libcube_fw_nucleo_g070rb.a(stm32g0xx_hal.c.obj)
 .debug_str     0x00094070    0x86f56 boards/nucleo_g070rb/libcube_fw_nucleo_g070rb.a(stm32g0xx_hal_cortex.c.obj)
 .debug_str     0x00094070    0x86c0b boards/nucleo_g070rb/libcube_fw_nucleo_g070rb.a(stm32g0xx_hal_gpio.c.obj)
 .debug_str     0x00094070     0xc5bf boards/nucleo_g070rb/libcube_fw_nucleo_g070rb.a(tasks.c.obj)
 .debug_str     0x00094070     0xc0bd boards/nucleo_g070rb/libcube_fw_nucleo_g070rb.a(timers.c.obj)
 .debug_str     0x00094070     0x7cb4 boards/nucleo_g070rb/libcube_fw_nucleo_g070rb.a(port.c.obj)
 .debug_str     0x00094070     0xa700 boards/nucleo_g070rb/libcube_fw_nucleo_g070rb.a(heap_1.c.obj)
 .debug_str     0x00094070    0x90dab boards/nucleo_g070rb/libcube_fw_nucleo_g070rb.a(cmsis_os2.c.obj)
 .debug_str     0x00094070     0xa069 boards/nucleo_g070rb/libcube_fw_nucleo_g070rb.a(list.c.obj)
 .debug_str     0x00094070     0xbb04 boards/nucleo_g070rb/libcube_fw_nucleo_g070rb.a(queue.c.obj)
 .debug_str     0x00094070       0xbe /usr/lib/gcc/arm-none-eabi/13.2.1/thumb/v6-m/nofp/libgcc.a(_udivsi3.o)
 .debug_str     0x00094070       0xbf /usr/lib/gcc/arm-none-eabi/13.2.1/thumb/v6-m/nofp/libgcc.a(_dvmd_tls.o)
 .debug_str     0x00094070      0x1a1 /usr/lib/gcc/arm-none-eabi/13.2.1/../../../arm-none-eabi/lib/thumb/v6-m/nofp/libg.a(libc_a-memset.o)
 .debug_str     0x00094070      0x1be /usr/lib/gcc/arm-none-eabi/13.2.1/../../../arm-none-eabi/lib/thumb/v6-m/nofp/libg.a(libc_a-memcpy-stub.o)
 .debug_str     0x00094070      0x1ee /usr/lib/gcc/arm-none-eabi/13.2.1/../../../arm-none-eabi/lib/thumb/v6-m/nofp/libg.a(libc_a-init.o)
 .debug_str     0x00094070      0x1ca /usr/lib/gcc/arm-none-eabi/13.2.1/../../../arm-none-eabi/lib/thumb/v6-m/nofp/libg.a(libc_a-atexit.o)
 .debug_str     0x00094070      0x1c4 /usr/lib/gcc/arm-none-eabi/13.2.1/../../../arm-none-eabi/lib/thumb/v6-m/nofp/libg.a(libc_a-fini.o)
 .debug_str     0x00094070      0x257 /usr/lib/gcc/arm-none-eabi/13.2.1/../../../arm-none-eabi/lib/thumb/v6-m/nofp/libg.a(libc_a-__call_atexit.o)
 .debug_str     0x00094070      0x235 /usr/lib/gcc/arm-none-eabi/13.2.1/../../../arm-none-eabi/lib/thumb/v6-m/nofp/libg.a(libc_a-__atexit.o)

.debug_frame    0x00000000     0x1d18
 .debug_frame   0x00000000       0x4c app/CMakeFiles/app.elf.dir/src/main_app.c.obj
 .debug_frame   0x0000004c       0x30 boards/nucleo_g070rb/libcube_fw_nucleo_g070rb.a(gpio.c.obj)
 .debug_frame   0x0000007c       0x38 boards/nucleo_g070rb/libcube_fw_nucleo_g070rb.a(system_stm32g0xx.c.obj)
 .debug_frame   0x000000b4      0x1fc boards/nucleo_g070rb/libcube_fw_nucleo_g070rb.a(stm32g0xx_hal.c.obj)
 .debug_frame   0x000002b0      0x194 boards/nucleo_g070rb/libcube_fw_nucleo_g070rb.a(stm32g0xx_hal_cortex.c.obj)
 .debug_frame   0x00000444       0xd0 boards/nucleo_g070rb/libcube_fw_nucleo_g070rb.a(stm32g0xx_hal_gpio.c.obj)
 .debug_frame   0x00000514      0x624 boards/nucleo_g070rb/libcube_fw_nucleo_g070rb.a(tasks.c.obj)
 .debug_frame   0x00000b38      0x2b0 boards/nucleo_g070rb/libcube_fw_nucleo_g070rb.a(timers.c.obj)
 .debug_frame   0x00000de8      0x114 boards/nucleo_g070rb/libcube_fw_nucleo_g070rb.a(port.c.obj)
 .debug_frame   0x00000efc       0x5c boards/nucleo_g070rb/libcube_fw_nucleo_g070rb.a(heap_1.c.obj)
 .debug_frame   0x00000f58      0x7cc boards/nucleo_g070rb/libcube_fw_nucleo_g070rb.a(cmsis_os2.c.obj)
 .debug_frame   0x00001724       0x6c boards/nucleo_g070rb/libcube_fw_nucleo_g070rb.a(list.c.obj)
 .debug_frame   0x00001790      0x400 boards/nucleo_g070rb/libcube_fw_nucleo_g070rb.a(queue.c.obj)
 .debug_frame   0x00001b90       0x20 /usr/lib/gcc/arm-none-eabi/13.2.1/thumb/v6-m/nofp/libgcc.a(_udivsi3.o)
 .debug_frame   0x00001bb0       0x30 /usr/lib/gcc/arm-none-eabi/13.2.1/../../../arm-none-eabi/lib/thumb/v6-m/nofp/libg.a(libc_a-memset.o)
 .debug_frame   0x00001be0       0x30 /usr/lib/gcc/arm-none-eabi/13.2.1/../../../arm-none-eabi/lib/thumb/v6-m/nofp/libg.a(libc_a-memcpy-stub.o)
 .debug_frame   0x00001c10       0x2c /usr/lib/gcc/arm-none-eabi/13.2.1/../../../arm-none-eabi/lib/thumb/v6-m/nofp/libg.a(libc_a-init.o)
 .debug_frame   0x00001c3c       0x28 /usr/lib/gcc/arm-none-eabi/13.2.1/../../../arm-none-eabi/lib/thumb/v6-m/nofp/libg.a(libc_a-atexit.o)
 .debug_frame   0x00001c64       0x2c /usr/lib/gcc/arm-none-eabi/13.2.1/../../../arm-none-eabi/lib/thumb/v6-m/nofp/libg.a(libc_a-fini.o)
 .debug_frame   0x00001c90       0x54 /usr/lib/gcc/arm-none-eabi/13.2.1/../../../arm-none-eabi/lib/thumb/v6-m/nofp/libg.a(libc_a-__call_atexit.o)
 .debug_frame   0x00001ce4       0x34 /usr/lib/gcc/arm-none-eabi/13.2.1/../../../arm-none-eabi/lib/thumb/v6-m/nofp/libg.a(libc_a-__atexit.o)

.debug_line_str
                0x00000000      0x121
 .debug_line_str
                0x00000000      0x121 boards/nucleo_g070rb/libcube_fw_nucleo_g070rb.a(startup_stm32g070xx.s.obj)
                                 0x8a (size before relaxing)
 .debug_line_str
                0x00000121       0x97 /usr/lib/gcc/arm-none-eabi/13.2.1/thumb/v6-m/nofp/libgcc.a(_udivsi3.o)
 .debug_line_str
                0x00000121       0x97 /usr/lib/gcc/arm-none-eabi/13.2.1/thumb/v6-m/nofp/libgcc.a(_dvmd_tls.o)
